Archive member included to satisfy reference by file (symbol)

/opt/gcc-arm-none-eabi-10-2020-q4-major/bin/../lib/gcc/arm-none-eabi/10.2.1/thumb/v6-m/nofp/libgcc.a(_thumb1_case_uqi.o)
                              ./Library/Library/pdma.o (__gnu_thumb1_case_uqi)
/opt/gcc-arm-none-eabi-10-2020-q4-major/bin/../lib/gcc/arm-none-eabi/10.2.1/thumb/v6-m/nofp/libgcc.a(_udivsi3.o)
                              ./Library/Library/clk.o (__aeabi_uidiv)
/opt/gcc-arm-none-eabi-10-2020-q4-major/bin/../lib/gcc/arm-none-eabi/10.2.1/thumb/v6-m/nofp/libgcc.a(_divsi3.o)
                              ./Library/Library/clk.o (__aeabi_idiv)
/opt/gcc-arm-none-eabi-10-2020-q4-major/bin/../lib/gcc/arm-none-eabi/10.2.1/thumb/v6-m/nofp/libgcc.a(_dvmd_tls.o)
                              /opt/gcc-arm-none-eabi-10-2020-q4-major/bin/../lib/gcc/arm-none-eabi/10.2.1/thumb/v6-m/nofp/libgcc.a(_udivsi3.o) (__aeabi_idiv0)
/opt/gcc-arm-none-eabi-10-2020-q4-major/bin/../lib/gcc/arm-none-eabi/10.2.1/../../../../arm-none-eabi/lib/thumb/v6-m/nofp/libg_nano.a(lib_a-errno.o)
                              ./CMSIS/CMSIS/gcc/_syscalls.o (__errno)
/opt/gcc-arm-none-eabi-10-2020-q4-major/bin/../lib/gcc/arm-none-eabi/10.2.1/../../../../arm-none-eabi/lib/thumb/v6-m/nofp/libg_nano.a(lib_a-exit.o)
                              /opt/gcc-arm-none-eabi-10-2020-q4-major/bin/../lib/gcc/arm-none-eabi/10.2.1/../../../../arm-none-eabi/lib/thumb/v6-m/nofp/crt0.o (exit)
/opt/gcc-arm-none-eabi-10-2020-q4-major/bin/../lib/gcc/arm-none-eabi/10.2.1/../../../../arm-none-eabi/lib/thumb/v6-m/nofp/libg_nano.a(lib_a-impure.o)
                              /opt/gcc-arm-none-eabi-10-2020-q4-major/bin/../lib/gcc/arm-none-eabi/10.2.1/../../../../arm-none-eabi/lib/thumb/v6-m/nofp/libg_nano.a(lib_a-exit.o) (_global_impure_ptr)
/opt/gcc-arm-none-eabi-10-2020-q4-major/bin/../lib/gcc/arm-none-eabi/10.2.1/../../../../arm-none-eabi/lib/thumb/v6-m/nofp/libg_nano.a(lib_a-init.o)
                              /opt/gcc-arm-none-eabi-10-2020-q4-major/bin/../lib/gcc/arm-none-eabi/10.2.1/../../../../arm-none-eabi/lib/thumb/v6-m/nofp/crt0.o (__libc_init_array)
/opt/gcc-arm-none-eabi-10-2020-q4-major/bin/../lib/gcc/arm-none-eabi/10.2.1/../../../../arm-none-eabi/lib/thumb/v6-m/nofp/libg_nano.a(lib_a-memcpy-stub.o)
                              ./Library/Library/pwm.o (memcpy)
/opt/gcc-arm-none-eabi-10-2020-q4-major/bin/../lib/gcc/arm-none-eabi/10.2.1/../../../../arm-none-eabi/lib/thumb/v6-m/nofp/libg_nano.a(lib_a-memset.o)
                              /opt/gcc-arm-none-eabi-10-2020-q4-major/bin/../lib/gcc/arm-none-eabi/10.2.1/../../../../arm-none-eabi/lib/thumb/v6-m/nofp/crt0.o (memset)
/opt/gcc-arm-none-eabi-10-2020-q4-major/bin/../lib/gcc/arm-none-eabi/10.2.1/../../../../arm-none-eabi/lib/thumb/v6-m/nofp/libg_nano.a(lib_a-printf.o)
                              ./Library/Library/retarget.o (printf)
/opt/gcc-arm-none-eabi-10-2020-q4-major/bin/../lib/gcc/arm-none-eabi/10.2.1/../../../../arm-none-eabi/lib/thumb/v6-m/nofp/libg_nano.a(lib_a-puts.o)
                              ./Library/Library/retarget.o (puts)
/opt/gcc-arm-none-eabi-10-2020-q4-major/bin/../lib/gcc/arm-none-eabi/10.2.1/../../../../arm-none-eabi/lib/thumb/v6-m/nofp/libg_nano.a(lib_a-wbuf.o)
                              /opt/gcc-arm-none-eabi-10-2020-q4-major/bin/../lib/gcc/arm-none-eabi/10.2.1/../../../../arm-none-eabi/lib/thumb/v6-m/nofp/libg_nano.a(lib_a-puts.o) (__swbuf_r)
/opt/gcc-arm-none-eabi-10-2020-q4-major/bin/../lib/gcc/arm-none-eabi/10.2.1/../../../../arm-none-eabi/lib/thumb/v6-m/nofp/libg_nano.a(lib_a-wsetup.o)
                              /opt/gcc-arm-none-eabi-10-2020-q4-major/bin/../lib/gcc/arm-none-eabi/10.2.1/../../../../arm-none-eabi/lib/thumb/v6-m/nofp/libg_nano.a(lib_a-puts.o) (__swsetup_r)
/opt/gcc-arm-none-eabi-10-2020-q4-major/bin/../lib/gcc/arm-none-eabi/10.2.1/../../../../arm-none-eabi/lib/thumb/v6-m/nofp/libg_nano.a(lib_a-fflush.o)
                              /opt/gcc-arm-none-eabi-10-2020-q4-major/bin/../lib/gcc/arm-none-eabi/10.2.1/../../../../arm-none-eabi/lib/thumb/v6-m/nofp/libg_nano.a(lib_a-wbuf.o) (_fflush_r)
/opt/gcc-arm-none-eabi-10-2020-q4-major/bin/../lib/gcc/arm-none-eabi/10.2.1/../../../../arm-none-eabi/lib/thumb/v6-m/nofp/libg_nano.a(lib_a-findfp.o)
                              /opt/gcc-arm-none-eabi-10-2020-q4-major/bin/../lib/gcc/arm-none-eabi/10.2.1/../../../../arm-none-eabi/lib/thumb/v6-m/nofp/libg_nano.a(lib_a-printf.o) (__sinit)
/opt/gcc-arm-none-eabi-10-2020-q4-major/bin/../lib/gcc/arm-none-eabi/10.2.1/../../../../arm-none-eabi/lib/thumb/v6-m/nofp/libg_nano.a(lib_a-fwalk.o)
                              /opt/gcc-arm-none-eabi-10-2020-q4-major/bin/../lib/gcc/arm-none-eabi/10.2.1/../../../../arm-none-eabi/lib/thumb/v6-m/nofp/libg_nano.a(lib_a-findfp.o) (_fwalk)
/opt/gcc-arm-none-eabi-10-2020-q4-major/bin/../lib/gcc/arm-none-eabi/10.2.1/../../../../arm-none-eabi/lib/thumb/v6-m/nofp/libg_nano.a(lib_a-lock.o)
[...]
Memory Configuration

Name             Origin             Length             Attributes
FLASH            0x0000000000000000 0x0000000000010000 xr
RAM              0x0000000020000000 0x0000000000005000 xrw
*default*        0x0000000000000000 0xffffffffffffffff

Linker script and memory map

LOAD /opt/gcc-arm-none-eabi-10-2020-q4-major/bin/../lib/gcc/arm-none-eabi/10.2.1/thumb/v6-m/nofp/crti.o
LOAD /opt/gcc-arm-none-eabi-10-2020-q4-major/bin/../lib/gcc/arm-none-eabi/10.2.1/thumb/v6-m/nofp/crtbegin.o
LOAD /opt/gcc-arm-none-eabi-10-2020-q4-major/bin/../lib/gcc/arm-none-eabi/10.2.1/../../../../arm-none-eabi/lib/thumb/v6-m/nofp/crt0.o
LOAD ./User/main.o
LOAD ./Library/Library/adc.o
LOAD ./Library/Library/clk.o
LOAD ./Library/Library/crc.o
LOAD ./Library/Library/fmc.o
LOAD ./Library/Library/gpio.o
LOAD ./Library/Library/i2c.o
LOAD ./Library/Library/pdma.o
LOAD ./Library/Library/pwm.o
LOAD ./Library/Library/retarget.o
LOAD ./Library/Library/spi.o
LOAD ./Library/Library/sys.o
LOAD ./Library/Library/timer.o
LOAD ./Library/Library/uart.o
LOAD ./Library/Library/usbd.o
LOAD ./Library/Library/wdt.o
LOAD ./Library/Library/wwdt.o
LOAD ./CMSIS/CMSIS/gcc/_syscalls.o
LOAD ./CMSIS/CMSIS/gcc/startup_NUC123.o
LOAD ./CMSIS/CMSIS/system_NUC123.o
START GROUP
LOAD /opt/gcc-arm-none-eabi-10-2020-q4-major/bin/../lib/gcc/arm-none-eabi/10.2.1/thumb/v6-m/nofp/libgcc.a
LOAD /opt/gcc-arm-none-eabi-10-2020-q4-major/bin/../lib/gcc/arm-none-eabi/10.2.1/../../../../arm-none-eabi/lib/thumb/v6-m/nofp/libg_nano.a
LOAD /opt/gcc-arm-none-eabi-10-2020-q4-major/bin/../lib/gcc/arm-none-eabi/10.2.1/../../../../arm-none-eabi/lib/thumb/v6-m/nofp/libc_nano.a
END GROUP
START GROUP
LOAD /opt/gcc-arm-none-eabi-10-2020-q4-major/bin/../lib/gcc/arm-none-eabi/10.2.1/thumb/v6-m/nofp/libgcc.a
LOAD /opt/gcc-arm-none-eabi-10-2020-q4-major/bin/../lib/gcc/arm-none-eabi/10.2.1/../../../../arm-none-eabi/lib/thumb/v6-m/nofp/libc_nano.a
END GROUP
LOAD /opt/gcc-arm-none-eabi-10-2020-q4-major/bin/../lib/gcc/arm-none-eabi/10.2.1/thumb/v6-m/nofp/crtend.o
LOAD /opt/gcc-arm-none-eabi-10-2020-q4-major/bin/../lib/gcc/arm-none-eabi/10.2.1/thumb/v6-m/nofp/crtn.o
START GROUP
LOAD /opt/gcc-arm-none-eabi-10-2020-q4-major/bin/../lib/gcc/arm-none-eabi/10.2.1/thumb/v6-m/nofp/libgcc.a
LOAD /opt/gcc-arm-none-eabi-10-2020-q4-major/bin/../lib/gcc/arm-none-eabi/10.2.1/../../../../arm-none-eabi/lib/thumb/v6-m/nofp/libc.a
LOAD /opt/gcc-arm-none-eabi-10-2020-q4-major/bin/../lib/gcc/arm-none-eabi/10.2.1/../../../../arm-none-eabi/lib/thumb/v6-m/nofp/libm.a
LOAD /opt/gcc-arm-none-eabi-10-2020-q4-major/bin/../lib/gcc/arm-none-eabi/10.2.1/../../../../arm-none-eabi/lib/thumb/v6-m/nofp/libnosys.a
END GROUP

.text           0x0000000000000000     0x21d0
 *(.vectors)
 .vectors       0x0000000000000000       0xc0 ./CMSIS/CMSIS/gcc/startup_NUC123.o
                0x0000000000000000                __Vectors
                0x00000000000000c0                __Vectors_End = .
                0x00000000000000c0                __Vectors_Size = (__Vectors_End - __Vectors)
                0x0000000020000160                __end__ = .
 *(.text*)
 .text          0x00000000000000c0       0x48 /opt/gcc-arm-none-eabi-10-2020-q4-major/bin/../lib/gcc/arm-none-eabi/10.2.1/thumb/v6-m/nofp/crtbegin.o
 .text          0x0000000000000108       0x80 /opt/gcc-arm-none-eabi-10-2020-q4-major/bin/../lib/gcc/arm-none-eabi/10.2.1/../../../../arm-none-eabi/lib/thumb/v6-m/nofp/crt0.o
                0x0000000000000108                _stack_init
                0x0000000000000114                _mainCRTStartup
                0x0000000000000114                _start
 .text.pwcheck_success
                0x0000000000000188       0x10 ./User/main.o
                0x0000000000000188                pwcheck_success
 .text.pwcheck_passed_1
                0x0000000000000198       0x10 ./User/main.o
                0x0000000000000198                pwcheck_passed_1
 .text.pwcheck_passed_2
                0x00000000000001a8       0x10 ./User/main.o
                0x00000000000001a8                pwcheck_passed_2
 .text.pwcheck_passed_3
                0x00000000000001b8       0x10 ./User/main.o
                0x00000000000001b8                pwcheck_passed_3
 .text.pwcheck_passed_4
                0x00000000000001c8       0x10 ./User/main.o
                0x00000000000001c8                pwcheck_passed_4
 .text.pwcheck_passed_5
                0x00000000000001d8       0x10 ./User/main.o
                0x00000000000001d8                pwcheck_passed_5
 .text.pwcheck_passed_6
                0x00000000000001e8       0x10 ./User/main.o
                0x00000000000001e8                pwcheck_passed_6
 .text.pwcheck_passed_7
                0x00000000000001f8       0x10 ./User/main.o
                0x00000000000001f8                pwcheck_passed_7
 .text.pwcheck_passed_8
                0x0000000000000208       0x10 ./User/main.o
                0x0000000000000208                pwcheck_passed_8
 .text.check_password
                0x0000000000000218       0x74 ./User/main.o
                0x0000000000000218                check_password
 .text.ClearBuf
                0x000000000000028c        0xe ./User/main.o
                0x000000000000028c                ClearBuf
 .text.BuildSrcPattern
                0x000000000000029a       0x2a ./User/main.o
                0x000000000000029a                BuildSrcPattern
 .text.PDMA_UART_TxTest
                0x00000000000002c4       0x3c ./User/main.o
                0x00000000000002c4                PDMA_UART_TxTest
 .text.PDMA_UART_RxTest
                0x0000000000000300       0x3c ./User/main.o
                0x0000000000000300                PDMA_UART_RxTest
 .text.PDMA_IRQHandler
                0x000000000000033c       0x34 ./User/main.o
                0x000000000000033c                PDMA_IRQHandler
 .text.UART0_IRQHandler
                0x0000000000000370       0x18 ./User/main.o
                0x0000000000000370                UART0_IRQHandler
 .text.PDMA_UART
                0x0000000000000388      0x100 ./User/main.o
                0x0000000000000388                PDMA_UART
 .text.SYS_Init
                0x0000000000000488       0x90 ./User/main.o
                0x0000000000000488                SYS_Init
 .text.UART0_Init
                0x0000000000000518       0x1c ./User/main.o
                0x0000000000000518                UART0_Init
 .text.UART1_Init
                0x0000000000000534       0x1c ./User/main.o
                0x0000000000000534                UART1_Init
 .text.startup.main
                0x0000000000000550       0x48 ./User/main.o
                0x0000000000000550                main
 .text.CLK_SetModuleClock
                0x0000000000000598       0xac ./Library/Library/clk.o
                0x0000000000000598                CLK_SetModuleClock
 .text.CLK_EnableXtalRC
                0x0000000000000644       0x10 ./Library/Library/clk.o
                0x0000000000000644                CLK_EnableXtalRC
 .text.CLK_EnableModuleClock
                0x0000000000000654       0x1c ./Library/Library/clk.o
                0x0000000000000654                CLK_EnableModuleClock
 .text.CLK_WaitClockReady
                0x0000000000000670       0x24 ./Library/Library/clk.o
                0x0000000000000670                CLK_WaitClockReady
 .text.CLK_SetHCLK
                0x0000000000000694       0x4c ./Library/Library/clk.o
                0x0000000000000694                CLK_SetHCLK
 .text.CLK_EnablePLL
                0x00000000000006e0      0x1ac ./Library/Library/clk.o
                0x00000000000006e0                CLK_EnablePLL
 .text.CLK_SetCoreClock
                0x000000000000088c       0x80 ./Library/Library/clk.o
                0x000000000000088c                CLK_SetCoreClock
 .text.PDMA_Open
                0x000000000000090c       0x10 ./Library/Library/pdma.o
                0x000000000000090c                PDMA_Open
 .text.PDMA_Close
                0x000000000000091c        0xc ./Library/Library/pdma.o
                0x000000000000091c                PDMA_Close
 .text.PDMA_SetTransferCnt
                0x0000000000000928       0x38 ./Library/Library/pdma.o
                0x0000000000000928                PDMA_SetTransferCnt
 .text.PDMA_SetTransferAddr
                0x0000000000000960       0x20 ./Library/Library/pdma.o
                0x0000000000000960                PDMA_SetTransferAddr
 .text.PDMA_SetTransferMode
                0x0000000000000980      0x154 ./Library/Library/pdma.o
                0x0000000000000980                PDMA_SetTransferMode
 .text.PDMA_Trigger
                0x0000000000000ad4       0x18 ./Library/Library/pdma.o
                0x0000000000000ad4                PDMA_Trigger
 .text.PDMA_EnableInt
                0x0000000000000aec       0x14 ./Library/Library/pdma.o
                0x0000000000000aec                PDMA_EnableInt
 .text.PDMA_DisableInt
                0x0000000000000b00       0x14 ./Library/Library/pdma.o
                0x0000000000000b00                PDMA_DisableInt
 .text.Hard_Fault_Handler
                0x0000000000000b14       0x70 ./Library/Library/retarget.o
                0x0000000000000b14                Hard_Fault_Handler
 .text.HardFault_Handler
                0x0000000000000b84       0x20 ./Library/Library/retarget.o
                0x0000000000000b84                HardFault_Handler
 .text._write   0x0000000000000ba4       0x38 ./Library/Library/retarget.o
                0x0000000000000ba4                _write
 .text._read    0x0000000000000bdc       0x18 ./Library/Library/retarget.o
                0x0000000000000bdc                _read
 .text.SYS_ResetModule
                0x0000000000000bf4       0x20 ./Library/Library/sys.o
                0x0000000000000bf4                SYS_ResetModule
 .text.CLK_GetPLLClockFreq
                0x0000000000000c14       0x58 ./Library/Library/uart.o
 .text.UART_DisableInt
                0x0000000000000c6c       0x24 ./Library/Library/uart.o
                0x0000000000000c6c                UART_DisableInt
 .text.UART_EnableInt
                0x0000000000000c90       0x24 ./Library/Library/uart.o
                0x0000000000000c90                UART_EnableInt
 .text.UART_Open
                0x0000000000000cb4       0x90 ./Library/Library/uart.o
                0x0000000000000cb4                UART_Open
 .text._close   0x0000000000000d44       0x10 ./CMSIS/CMSIS/gcc/_syscalls.o
                0x0000000000000d44                _close
 .text._fstat   0x0000000000000d54       0x10 ./CMSIS/CMSIS/gcc/_syscalls.o
                0x0000000000000d54                _fstat
 .text._isatty  0x0000000000000d64        0xe ./CMSIS/CMSIS/gcc/_syscalls.o
                0x0000000000000d64                _isatty
 .text._lseek   0x0000000000000d72       0x10 ./CMSIS/CMSIS/gcc/_syscalls.o
                0x0000000000000d72                _lseek
 *fill*         0x0000000000000d82        0x2 
 .text          0x0000000000000d84       0x34 ./CMSIS/CMSIS/gcc/startup_NUC123.o
                0x0000000000000d84                Reset_Handler
                0x0000000000000dac                GPCDF_IRQHandler
                0x0000000000000dac                I2C0_IRQHandler
                0x0000000000000dac                SysTick_Handler
                0x0000000000000dac                PendSV_Handler
                0x0000000000000dac                NMI_Handler
                0x0000000000000dac                I2C1_IRQHandler
                0x0000000000000dac                UART1_IRQHandler
                0x0000000000000dac                PS2_IRQHandler
                0x0000000000000dac                CAN1_IRQHandler
                0x0000000000000dac                USBD_IRQHandler
                0x0000000000000dac                SPI1_IRQHandler
                0x0000000000000dac                TMR0_IRQHandler
                0x0000000000000dac                ACMP_IRQHandler
                0x0000000000000dac                I2S_IRQHandler
                0x0000000000000dac                RTC_IRQHandler
                0x0000000000000dac                PWRWU_IRQHandler
                0x0000000000000dac                EINT1_IRQHandler
                0x0000000000000dac                PWMA_IRQHandler
                0x0000000000000dac                Default_Handler
                0x0000000000000dac                ADC_IRQHandler
                0x0000000000000dac                TMR2_IRQHandler
                0x0000000000000dac                BOD_IRQHandler
                0x0000000000000dac                SPI2_IRQHandler
                0x0000000000000dac                WDT_IRQHandler
                0x0000000000000dac                SVC_Handler
                0x0000000000000dac                SC012_IRQHandler
                0x0000000000000dac                GPAB_IRQHandler
                0x0000000000000dac                EINT0_IRQHandler
                0x0000000000000dac                CAN0_IRQHandler
                0x0000000000000dac                TMR3_IRQHandler
                0x0000000000000dac                SPI0_IRQHandler
                0x0000000000000dac                SPI3_IRQHandler
                0x0000000000000dac                TMR1_IRQHandler
 .text.SystemCoreClockUpdate
                0x0000000000000db8       0xa8 ./CMSIS/CMSIS/system_NUC123.o
                0x0000000000000db8                SystemCoreClockUpdate
 .text.SystemInit
                0x0000000000000e60        0x2 ./CMSIS/CMSIS/system_NUC123.o
                0x0000000000000e60                SystemInit
 *fill*         0x0000000000000e62        0x2 
 .text          0x0000000000000e64       0x14 /opt/gcc-arm-none-eabi-10-2020-q4-major/bin/../lib/gcc/arm-none-eabi/10.2.1/thumb/v6-m/nofp/libgcc.a(_thumb1_case_uqi.o)
                0x0000000000000e64                __gnu_thumb1_case_uqi
 .text          0x0000000000000e78      0x114 /opt/gcc-arm-none-eabi-10-2020-q4-major/bin/../lib/gcc/arm-none-eabi/10.2.1/thumb/v6-m/nofp/libgcc.a(_udivsi3.o)
                0x0000000000000e78                __udivsi3
                0x0000000000000e78                __aeabi_uidiv
                0x0000000000000f84                __aeabi_uidivmod
 .text          0x0000000000000f8c        0x4 /opt/gcc-arm-none-eabi-10-2020-q4-major/bin/../lib/gcc/arm-none-eabi/10.2.1/thumb/v6-m/nofp/libgcc.a(_dvmd_tls.o)
                0x0000000000000f8c                __aeabi_ldiv0
                0x0000000000000f8c                __aeabi_idiv0
 .text.__errno  0x0000000000000f90        0xc /opt/gcc-arm-none-eabi-10-2020-q4-major/bin/../lib/gcc/arm-none-eabi/10.2.1/../../../../arm-none-eabi/lib/thumb/v6-m/nofp/libg_nano.a(lib_a-errno.o)
                0x0000000000000f90                __errno
 .text.exit     0x0000000000000f9c       0x2c /opt/gcc-arm-none-eabi-10-2020-q4-major/bin/../lib/gcc/arm-none-eabi/10.2.1/../../../../arm-none-eabi/lib/thumb/v6-m/nofp/libg_nano.a(lib_a-exit.o)
                0x0000000000000f9c                exit
 .text.__libc_init_array
                0x0000000000000fc8       0x48 /opt/gcc-arm-none-eabi-10-2020-q4-major/bin/../lib/gcc/arm-none-eabi/10.2.1/../../../../arm-none-eabi/lib/thumb/v6-m/nofp/libg_nano.a(lib_a-init.o)
                0x0000000000000fc8                __libc_init_array
 .text.memset   0x0000000000001010       0x10 /opt/gcc-arm-none-eabi-10-2020-q4-major/bin/../lib/gcc/arm-none-eabi/10.2.1/../../../../arm-none-eabi/lib/thumb/v6-m/nofp/libg_nano.a(lib_a-memset.o)
                0x0000000000001010                memset
 .text.printf   0x0000000000001020       0x34 /opt/gcc-arm-none-eabi-10-2020-q4-major/bin/../lib/gcc/arm-none-eabi/10.2.1/../../../../arm-none-eabi/lib/thumb/v6-m/nofp/libg_nano.a(lib_a-printf.o)
                0x0000000000001020                printf
                0x0000000000001020                iprintf
 .text._puts_r  0x0000000000001054       0xe4 /opt/gcc-arm-none-eabi-10-2020-q4-major/bin/../lib/gcc/arm-none-eabi/10.2.1/../../../../arm-none-eabi/lib/thumb/v6-m/nofp/libg_nano.a(lib_a-puts.o)
                0x0000000000001054                _puts_r
 .text.puts     0x0000000000001138       0x14 /opt/gcc-arm-none-eabi-10-2020-q4-major/bin/../lib/gcc/arm-none-eabi/10.2.1/../../../../arm-none-eabi/lib/thumb/v6-m/nofp/libg_nano.a(lib_a-puts.o)
                0x0000000000001138                puts
 .text.__swbuf_r
                0x000000000000114c       0xac /opt/gcc-arm-none-eabi-10-2020-q4-major/bin/../lib/gcc/arm-none-eabi/10.2.1/../../../../arm-none-eabi/lib/thumb/v6-m/nofp/libg_nano.a(lib_a-wbuf.o)
                0x000000000000114c                __swbuf_r
 .text.__swsetup_r
                0x00000000000011f8       0xf0 /opt/gcc-arm-none-eabi-10-2020-q4-major/bin/../lib/gcc/arm-none-eabi/10.2.1/../../../../arm-none-eabi/lib/thumb/v6-m/nofp/libg_nano.a(lib_a-wsetup.o)
                0x00000000000011f8                __swsetup_r
 .text.__sflush_r
                0x00000000000012e8      0x118 /opt/gcc-arm-none-eabi-10-2020-q4-major/bin/../lib/gcc/arm-none-eabi/10.2.1/../../../../arm-none-eabi/lib/thumb/v6-m/nofp/libg_nano.a(lib_a-fflush.o)
                0x00000000000012e8                __sflush_r
 .text._fflush_r
                0x0000000000001400       0x80 /opt/gcc-arm-none-eabi-10-2020-q4-major/bin/../lib/gcc/arm-none-eabi/10.2.1/../../../../arm-none-eabi/lib/thumb/v6-m/nofp/libg_nano.a(lib_a-fflush.o)
                0x0000000000001400                _fflush_r
 .text.std      0x0000000000001480       0x48 /opt/gcc-arm-none-eabi-10-2020-q4-major/bin/../lib/gcc/arm-none-eabi/10.2.1/../../../../arm-none-eabi/lib/thumb/v6-m/nofp/libg_nano.a(lib_a-findfp.o)
 .text._cleanup_r
                0x00000000000014c8       0x10 /opt/gcc-arm-none-eabi-10-2020-q4-major/bin/../lib/gcc/arm-none-eabi/10.2.1/../../../../arm-none-eabi/lib/thumb/v6-m/nofp/libg_nano.a(lib_a-findfp.o)
                0x00000000000014c8                _cleanup_r
 .text.__sfmoreglue
                0x00000000000014d8       0x2c /opt/gcc-arm-none-eabi-10-2020-q4-major/bin/../lib/gcc/arm-none-eabi/10.2.1/../../../../arm-none-eabi/lib/thumb/v6-m/nofp/libg_nano.a(lib_a-findfp.o)
                0x00000000000014d8                __sfmoreglue
 .text.__sfp_lock_acquire
                0x0000000000001504       0x10 /opt/gcc-arm-none-eabi-10-2020-q4-major/bin/../lib/gcc/arm-none-eabi/10.2.1/../../../../arm-none-eabi/lib/thumb/v6-m/nofp/libg_nano.a(lib_a-findfp.o)
                0x0000000000001504                __sfp_lock_acquire
 .text.__sfp_lock_release
                0x0000000000001514       0x10 /opt/gcc-arm-none-eabi-10-2020-q4-major/bin/../lib/gcc/arm-none-eabi/10.2.1/../../../../arm-none-eabi/lib/thumb/v6-m/nofp/libg_nano.a(lib_a-findfp.o)
                0x0000000000001514                __sfp_lock_release
 .text.__sinit_lock_acquire
                0x0000000000001524       0x10 /opt/gcc-arm-none-eabi-10-2020-q4-major/bin/../lib/gcc/arm-none-eabi/10.2.1/../../../../arm-none-eabi/lib/thumb/v6-m/nofp/libg_nano.a(lib_a-findfp.o)
                0x0000000000001524                __sinit_lock_acquire
 .text.__sinit_lock_release
                0x0000000000001534       0x10 /opt/gcc-arm-none-eabi-10-2020-q4-major/bin/../lib/gcc/arm-none-eabi/10.2.1/../../../../arm-none-eabi/lib/thumb/v6-m/nofp/libg_nano.a(lib_a-findfp.o)
                0x0000000000001534                __sinit_lock_release
 .text.__sinit  0x0000000000001544       0x70 /opt/gcc-arm-none-eabi-10-2020-q4-major/bin/../lib/gcc/arm-none-eabi/10.2.1/../../../../arm-none-eabi/lib/thumb/v6-m/nofp/libg_nano.a(lib_a-findfp.o)
                0x0000000000001544                __sinit
 .text.__sfp    0x00000000000015b4       0x90 /opt/gcc-arm-none-eabi-10-2020-q4-major/bin/../lib/gcc/arm-none-eabi/10.2.1/../../../../arm-none-eabi/lib/thumb/v6-m/nofp/libg_nano.a(lib_a-findfp.o)
                0x00000000000015b4                __sfp
 .text._fwalk_reent
                0x0000000000001644       0x40 /opt/gcc-arm-none-eabi-10-2020-q4-major/bin/../lib/gcc/arm-none-eabi/10.2.1/../../../../arm-none-eabi/lib/thumb/v6-m/nofp/libg_nano.a(lib_a-fwalk.o)
                0x0000000000001644                _fwalk_reent
 .text.__retarget_lock_init_recursive
                0x0000000000001684        0x2 /opt/gcc-arm-none-eabi-10-2020-q4-major/bin/../lib/gcc/arm-none-eabi/10.2.1/../../../../arm-none-eabi/lib/thumb/v6-m/nofp/libg_nano.a(lib_a-lock.o)
                0x0000000000001684                __retarget_lock_init_recursive
 .text.__retarget_lock_acquire_recursive
                0x0000000000001686        0x2 /opt/gcc-arm-none-eabi-10-2020-q4-major/bin/../lib/gcc/arm-none-eabi/10.2.1/../../../../arm-none-eabi/lib/thumb/v6-m/nofp/libg_nano.a(lib_a-lock.o)
                0x0000000000001686                __retarget_lock_acquire_recursive
 .text.__retarget_lock_release_recursive
                0x0000000000001688        0x2 /opt/gcc-arm-none-eabi-10-2020-q4-major/bin/../lib/gcc/arm-none-eabi/10.2.1/../../../../arm-none-eabi/lib/thumb/v6-m/nofp/libg_nano.a(lib_a-lock.o)
                0x0000000000001688                __retarget_lock_release_recursive
 *fill*         0x000000000000168a        0x2 
 .text.__swhatbuf_r
                0x000000000000168c       0x50 /opt/gcc-arm-none-eabi-10-2020-q4-major/bin/../lib/gcc/arm-none-eabi/10.2.1/../../../../arm-none-eabi/lib/thumb/v6-m/nofp/libg_nano.a(lib_a-makebuf.o)
                0x000000000000168c                __swhatbuf_r
 .text.__smakebuf_r
                0x00000000000016dc       0x88 /opt/gcc-arm-none-eabi-10-2020-q4-major/bin/../lib/gcc/arm-none-eabi/10.2.1/../../../../arm-none-eabi/lib/thumb/v6-m/nofp/libg_nano.a(lib_a-makebuf.o)
                0x00000000000016dc                __smakebuf_r
 .text._free_r  0x0000000000001764       0x94 /opt/gcc-arm-none-eabi-10-2020-q4-major/bin/../lib/gcc/arm-none-eabi/10.2.1/../../../../arm-none-eabi/lib/thumb/v6-m/nofp/libg_nano.a(lib_a-nano-freer.o)
                0x0000000000001764                _free_r
 .text._malloc_r
                0x00000000000017f8       0xbc /opt/gcc-arm-none-eabi-10-2020-q4-major/bin/../lib/gcc/arm-none-eabi/10.2.1/../../../../arm-none-eabi/lib/thumb/v6-m/nofp/libg_nano.a(lib_a-nano-mallocr.o)
                0x00000000000017f8                _malloc_r
 .text.__sfputc_r
                0x00000000000018b4       0x2a /opt/gcc-arm-none-eabi-10-2020-q4-major/bin/../lib/gcc/arm-none-eabi/10.2.1/../../../../arm-none-eabi/lib/thumb/v6-m/nofp/libg_nano.a(lib_a-nano-vfprintf.o)
 .text.__sfputs_r
                0x00000000000018de       0x24 /opt/gcc-arm-none-eabi-10-2020-q4-major/bin/../lib/gcc/arm-none-eabi/10.2.1/../../../../arm-none-eabi/lib/thumb/v6-m/nofp/libg_nano.a(lib_a-nano-vfprintf.o)
                0x00000000000018de                __sfputs_r
 *fill*         0x0000000000001902        0x2 
 .text._vfprintf_r
                0x0000000000001904      0x274 /opt/gcc-arm-none-eabi-10-2020-q4-major/bin/../lib/gcc/arm-none-eabi/10.2.1/../../../../arm-none-eabi/lib/thumb/v6-m/nofp/libg_nano.a(lib_a-nano-vfprintf.o)
                0x0000000000001904                _vfiprintf_r
                0x0000000000001904                _vfprintf_r
 .text._printf_common
                0x0000000000001b78       0xde /opt/gcc-arm-none-eabi-10-2020-q4-major/bin/../lib/gcc/arm-none-eabi/10.2.1/../../../../arm-none-eabi/lib/thumb/v6-m/nofp/libg_nano.a(lib_a-nano-vfprintf_i.o)
                0x0000000000001b78                _printf_common
 *fill*         0x0000000000001c56        0x2 
 .text._printf_i
                0x0000000000001c58      0x224 /opt/gcc-arm-none-eabi-10-2020-q4-major/bin/../lib/gcc/arm-none-eabi/10.2.1/../../../../arm-none-eabi/lib/thumb/v6-m/nofp/libg_nano.a(lib_a-nano-vfprintf_i.o)
                0x0000000000001c58                _printf_i
 .text._sbrk_r  0x0000000000001e7c       0x24 /opt/gcc-arm-none-eabi-10-2020-q4-major/bin/../lib/gcc/arm-none-eabi/10.2.1/../../../../arm-none-eabi/lib/thumb/v6-m/nofp/libg_nano.a(lib_a-sbrkr.o)
                0x0000000000001e7c                _sbrk_r
 .text.__sread  0x0000000000001ea0       0x28 /opt/gcc-arm-none-eabi-10-2020-q4-major/bin/../lib/gcc/arm-none-eabi/10.2.1/../../../../arm-none-eabi/lib/thumb/v6-m/nofp/libg_nano.a(lib_a-stdio.o)
                0x0000000000001ea0                __sread
 .text.__swrite
                0x0000000000001ec8       0x38 /opt/gcc-arm-none-eabi-10-2020-q4-major/bin/../lib/gcc/arm-none-eabi/10.2.1/../../../../arm-none-eabi/lib/thumb/v6-m/nofp/libg_nano.a(lib_a-stdio.o)
                0x0000000000001ec8                __swrite
 .text.__sseek  0x0000000000001f00       0x2c /opt/gcc-arm-none-eabi-10-2020-q4-major/bin/../lib/gcc/arm-none-eabi/10.2.1/../../../../arm-none-eabi/lib/thumb/v6-m/nofp/libg_nano.a(lib_a-stdio.o)
                0x0000000000001f00                __sseek
 .text.__sclose
                0x0000000000001f2c        0xc /opt/gcc-arm-none-eabi-10-2020-q4-major/bin/../lib/gcc/arm-none-eabi/10.2.1/../../../../arm-none-eabi/lib/thumb/v6-m/nofp/libg_nano.a(lib_a-stdio.o)
                0x0000000000001f2c                __sclose
 .text._write_r
                0x0000000000001f38       0x28 /opt/gcc-arm-none-eabi-10-2020-q4-major/bin/../lib/gcc/arm-none-eabi/10.2.1/../../../../arm-none-eabi/lib/thumb/v6-m/nofp/libg_nano.a(lib_a-writer.o)
                0x0000000000001f38                _write_r
 .text._close_r
                0x0000000000001f60       0x24 /opt/gcc-arm-none-eabi-10-2020-q4-major/bin/../lib/gcc/arm-none-eabi/10.2.1/../../../../arm-none-eabi/lib/thumb/v6-m/nofp/libg_nano.a(lib_a-closer.o)
                0x0000000000001f60                _close_r
 .text._fstat_r
                0x0000000000001f84       0x24 /opt/gcc-arm-none-eabi-10-2020-q4-major/bin/../lib/gcc/arm-none-eabi/10.2.1/../../../../arm-none-eabi/lib/thumb/v6-m/nofp/libg_nano.a(lib_a-fstatr.o)
                0x0000000000001f84                _fstat_r
 .text._isatty_r
                0x0000000000001fa8       0x24 /opt/gcc-arm-none-eabi-10-2020-q4-major/bin/../lib/gcc/arm-none-eabi/10.2.1/../../../../arm-none-eabi/lib/thumb/v6-m/nofp/libg_nano.a(lib_a-isattyr.o)
                0x0000000000001fa8                _isatty_r
 .text._lseek_r
                0x0000000000001fcc       0x28 /opt/gcc-arm-none-eabi-10-2020-q4-major/bin/../lib/gcc/arm-none-eabi/10.2.1/../../../../arm-none-eabi/lib/thumb/v6-m/nofp/libg_nano.a(lib_a-lseekr.o)
                0x0000000000001fcc                _lseek_r
 .text.memchr   0x0000000000001ff4       0x16 /opt/gcc-arm-none-eabi-10-2020-q4-major/bin/../lib/gcc/arm-none-eabi/10.2.1/../../../../arm-none-eabi/lib/thumb/v6-m/nofp/libg_nano.a(lib_a-memchr-stub.o)
                0x0000000000001ff4                memchr
 *fill*         0x000000000000200a        0x2 
 .text.__malloc_lock
                0x000000000000200c       0x10 /opt/gcc-arm-none-eabi-10-2020-q4-major/bin/../lib/gcc/arm-none-eabi/10.2.1/../../../../arm-none-eabi/lib/thumb/v6-m/nofp/libg_nano.a(lib_a-mlock.o)
                0x000000000000200c                __malloc_lock
 .text.__malloc_unlock
                0x000000000000201c       0x10 /opt/gcc-arm-none-eabi-10-2020-q4-major/bin/../lib/gcc/arm-none-eabi/10.2.1/../../../../arm-none-eabi/lib/thumb/v6-m/nofp/libg_nano.a(lib_a-mlock.o)
                0x000000000000201c                __malloc_unlock
 .text._read_r  0x000000000000202c       0x28 /opt/gcc-arm-none-eabi-10-2020-q4-major/bin/../lib/gcc/arm-none-eabi/10.2.1/../../../../arm-none-eabi/lib/thumb/v6-m/nofp/libg_nano.a(lib_a-readr.o)
                0x000000000000202c                _read_r
 .text          0x0000000000002054       0x14 /opt/gcc-arm-none-eabi-10-2020-q4-major/bin/../lib/gcc/arm-none-eabi/10.2.1/thumb/v6-m/nofp/libgcc.a(_thumb1_case_shi.o)
                0x0000000000002054                __gnu_thumb1_case_shi
 .text._sbrk    0x0000000000002068       0x1c /opt/gcc-arm-none-eabi-10-2020-q4-major/bin/../lib/gcc/arm-none-eabi/10.2.1/../../../../arm-none-eabi/lib/thumb/v6-m/nofp/libnosys.a(sbrk.o)
                0x0000000000002068                _sbrk
 .text._exit    0x0000000000002084        0x4 /opt/gcc-arm-none-eabi-10-2020-q4-major/bin/../lib/gcc/arm-none-eabi/10.2.1/../../../../arm-none-eabi/lib/thumb/v6-m/nofp/libnosys.a(_exit.o)
                0x0000000000002084                _exit
 *(.init)
 .init          0x0000000000002088        0x4 /opt/gcc-arm-none-eabi-10-2020-q4-major/bin/../lib/gcc/arm-none-eabi/10.2.1/thumb/v6-m/nofp/crti.o
                0x0000000000002088                _init
 .init          0x000000000000208c        0x8 /opt/gcc-arm-none-eabi-10-2020-q4-major/bin/../lib/gcc/arm-none-eabi/10.2.1/thumb/v6-m/nofp/crtn.o
 *(.fini)
 .fini          0x0000000000002094        0x4 /opt/gcc-arm-none-eabi-10-2020-q4-major/bin/../lib/gcc/arm-none-eabi/10.2.1/thumb/v6-m/nofp/crti.o
                0x0000000000002094                _fini
 .fini          0x0000000000002098        0x8 /opt/gcc-arm-none-eabi-10-2020-q4-major/bin/../lib/gcc/arm-none-eabi/10.2.1/thumb/v6-m/nofp/crtn.o
 *crtbegin.o(.ctors)
 *crtbegin?.o(.ctors)
 *(EXCLUDE_FILE(*crtend.o *crtend?.o) .ctors)
 *(SORT_BY_NAME(.ctors.*))
 *(.ctors)
 *crtbegin.o(.dtors)
 *crtbegin?.o(.dtors)
 *(EXCLUDE_FILE(*crtend.o *crtend?.o) .dtors)
 *(SORT_BY_NAME(.dtors.*))
 *(.dtors)
 *(.rodata*)
 .rodata        0x00000000000020a0        0xc ./Library/Library/clk.o
 .rodata.Hard_Fault_Handler.str1.1
                0x00000000000020ac       0x76 ./Library/Library/retarget.o
 *fill*         0x0000000000002122        0x2 
 .rodata        0x0000000000002124       0x10 ./Library/Library/uart.o
 .rodata._global_impure_ptr
                0x0000000000002134        0x4 /opt/gcc-arm-none-eabi-10-2020-q4-major/bin/../lib/gcc/arm-none-eabi/10.2.1/../../../../arm-none-eabi/lib/thumb/v6-m/nofp/libg_nano.a(lib_a-impure.o)
                0x0000000000002134                _global_impure_ptr
 .rodata.__sf_fake_stderr
                0x0000000000002138       0x20 /opt/gcc-arm-none-eabi-10-2020-q4-major/bin/../lib/gcc/arm-none-eabi/10.2.1/../../../../arm-none-eabi/lib/thumb/v6-m/nofp/libg_nano.a(lib_a-findfp.o)
                0x0000000000002138                __sf_fake_stderr
 .rodata.__sf_fake_stdin
                0x0000000000002158       0x20 /opt/gcc-arm-none-eabi-10-2020-q4-major/bin/../lib/gcc/arm-none-eabi/10.2.1/../../../../arm-none-eabi/lib/thumb/v6-m/nofp/libg_nano.a(lib_a-findfp.o)
                0x0000000000002158                __sf_fake_stdin
 .rodata.__sf_fake_stdout
                0x0000000000002178       0x20 /opt/gcc-arm-none-eabi-10-2020-q4-major/bin/../lib/gcc/arm-none-eabi/10.2.1/../../../../arm-none-eabi/lib/thumb/v6-m/nofp/libg_nano.a(lib_a-findfp.o)
                0x0000000000002178                __sf_fake_stdout
 .rodata._vfprintf_r.str1.1
                0x0000000000002198       0x11 /opt/gcc-arm-none-eabi-10-2020-q4-major/bin/../lib/gcc/arm-none-eabi/10.2.1/../../../../arm-none-eabi/lib/thumb/v6-m/nofp/libg_nano.a(lib_a-nano-vfprintf.o)
 .rodata._printf_i.str1.1
                0x00000000000021a9       0x22 /opt/gcc-arm-none-eabi-10-2020-q4-major/bin/../lib/gcc/arm-none-eabi/10.2.1/../../../../arm-none-eabi/lib/thumb/v6-m/nofp/libg_nano.a(lib_a-nano-vfprintf_i.o)
 *(.eh_frame*)
 *fill*         0x00000000000021cb        0x1 
 .eh_frame      0x00000000000021cc        0x0 /opt/gcc-arm-none-eabi-10-2020-q4-major/bin/../lib/gcc/arm-none-eabi/10.2.1/thumb/v6-m/nofp/crtbegin.o
 .eh_frame      0x00000000000021cc        0x4 /opt/gcc-arm-none-eabi-10-2020-q4-major/bin/../lib/gcc/arm-none-eabi/10.2.1/thumb/v6-m/nofp/crtend.o

.glue_7         0x00000000000021d0        0x0
 .glue_7        0x00000000000021d0        0x0 linker stubs

.glue_7t        0x00000000000021d0        0x0
 .glue_7t       0x00000000000021d0        0x0 linker stubs

.vfp11_veneer   0x00000000000021d0        0x0
 .vfp11_veneer  0x00000000000021d0        0x0 linker stubs

.v4_bx          0x00000000000021d0        0x0
 .v4_bx         0x00000000000021d0        0x0 linker stubs

.iplt           0x00000000000021d0        0x0
 .iplt          0x00000000000021d0        0x0 /opt/gcc-arm-none-eabi-10-2020-q4-major/bin/../lib/gcc/arm-none-eabi/10.2.1/thumb/v6-m/nofp/crtbegin.o

.ARM.extab
 *(.ARM.extab* .gnu.linkonce.armextab.*)
                0x00000000000021d0                __exidx_start = .

.ARM.exidx      0x00000000000021d0        0x8
 *(.ARM.exidx* .gnu.linkonce.armexidx.*)
 .ARM.exidx     0x00000000000021d0        0x8 /opt/gcc-arm-none-eabi-10-2020-q4-major/bin/../lib/gcc/arm-none-eabi/10.2.1/../../../../arm-none-eabi/lib/thumb/v6-m/nofp/crt0.o
                                         0x10 (size before relaxing)
                0x00000000000021d8                __exidx_end = .
                0x00000000000021d8                __etext = .

.rel.dyn        0x00000000000021d8        0x0
 .rel.iplt      0x00000000000021d8        0x0 /opt/gcc-arm-none-eabi-10-2020-q4-major/bin/../lib/gcc/arm-none-eabi/10.2.1/thumb/v6-m/nofp/crtbegin.o

.data           0x0000000020000000       0x9c load address 0x00000000000021d8
                0x0000000020000000                __data_start__ = .
 *(vtable)
 *(.data*)
 .data.UART_TEST_LENGTH
                0x0000000020000000        0x4 ./User/main.o
                0x0000000020000000                UART_TEST_LENGTH
 .data.CyclesPerUs
                0x0000000020000004        0x4 ./CMSIS/CMSIS/system_NUC123.o
                0x0000000020000004                CyclesPerUs
 .data.PllClock
                0x0000000020000008        0x4 ./CMSIS/CMSIS/system_NUC123.o
                0x0000000020000008                PllClock
 .data.SystemCoreClock
                0x000000002000000c        0x4 ./CMSIS/CMSIS/system_NUC123.o
                0x000000002000000c                SystemCoreClock
 .data.gau32ClkSrcTbl
                0x0000000020000010       0x20 ./CMSIS/CMSIS/system_NUC123.o
                0x0000000020000010                gau32ClkSrcTbl
 .data._impure_ptr
                0x0000000020000030        0x4 /opt/gcc-arm-none-eabi-10-2020-q4-major/bin/../lib/gcc/arm-none-eabi/10.2.1/../../../../arm-none-eabi/lib/thumb/v6-m/nofp/libg_nano.a(lib_a-impure.o)
                0x0000000020000030                _impure_ptr
 .data.impure_data
                0x0000000020000034       0x60 /opt/gcc-arm-none-eabi-10-2020-q4-major/bin/../lib/gcc/arm-none-eabi/10.2.1/../../../../arm-none-eabi/lib/thumb/v6-m/nofp/libg_nano.a(lib_a-impure.o)
                0x0000000020000094                . = ALIGN (0x4)
                0x0000000020000094                PROVIDE (__preinit_array_start = .)
 *(.preinit_array)
                0x0000000020000094                PROVIDE (__preinit_array_end = .)
                0x0000000020000094                . = ALIGN (0x4)
                0x0000000020000094                PROVIDE (__init_array_start = .)
 *(SORT_BY_NAME(.init_array.*))
 *(.init_array)
 .init_array    0x0000000020000094        0x4 /opt/gcc-arm-none-eabi-10-2020-q4-major/bin/../lib/gcc/arm-none-eabi/10.2.1/thumb/v6-m/nofp/crtbegin.o
                0x0000000020000098                PROVIDE (__init_array_end = .)
                0x0000000020000098                . = ALIGN (0x4)
                [!provide]                        PROVIDE (__fini_array_start = .)
 *(SORT_BY_NAME(.fini_array.*))
 *(.fini_array)
 .fini_array    0x0000000020000098        0x4 /opt/gcc-arm-none-eabi-10-2020-q4-major/bin/../lib/gcc/arm-none-eabi/10.2.1/thumb/v6-m/nofp/crtbegin.o
                [!provide]                        PROVIDE (__fini_array_end = .)
 *(.jcr*)
                0x000000002000009c                . = ALIGN (0x4)
                0x000000002000009c                __data_end__ = .

.igot.plt       0x000000002000009c        0x0 load address 0x0000000000002274
 .igot.plt      0x000000002000009c        0x0 /opt/gcc-arm-none-eabi-10-2020-q4-major/bin/../lib/gcc/arm-none-eabi/10.2.1/thumb/v6-m/nofp/crtbegin.o

.bss            0x000000002000009c       0xc0 load address 0x0000000000002274
                0x000000002000009c                . = ALIGN (0x4)
                0x000000002000009c                __bss_start__ = .
 *(.bss*)
 .bss           0x000000002000009c       0x1c /opt/gcc-arm-none-eabi-10-2020-q4-major/bin/../lib/gcc/arm-none-eabi/10.2.1/thumb/v6-m/nofp/crtbegin.o
 .bss.DestArray
                0x00000000200000b8       0x40 ./User/main.o
                0x00000000200000b8                DestArray
 .bss.IntCnt    0x00000000200000f8        0x4 ./User/main.o
                0x00000000200000f8                IntCnt
 .bss.IsTestOver
                0x00000000200000fc        0x4 ./User/main.o
                0x00000000200000fc                IsTestOver
 .bss.SrcArray  0x0000000020000100       0x40 ./User/main.o
                0x0000000020000100                SrcArray
 .bss.g_u32TwoChannelPdmaTest
                0x0000000020000140        0x4 ./User/main.o
                0x0000000020000140                g_u32TwoChannelPdmaTest
 .bss.num_correct
                0x0000000020000144        0x4 ./User/main.o
                0x0000000020000144                num_correct
 .bss.errno     0x0000000020000148        0x4 ./CMSIS/CMSIS/gcc/_syscalls.o
                0x0000000020000148                errno
 .bss.__lock___malloc_recursive_mutex
                0x000000002000014c        0x1 /opt/gcc-arm-none-eabi-10-2020-q4-major/bin/../lib/gcc/arm-none-eabi/10.2.1/../../../../arm-none-eabi/lib/thumb/v6-m/nofp/libg_nano.a(lib_a-lock.o)
                0x000000002000014c                __lock___malloc_recursive_mutex
 .bss.__lock___sfp_recursive_mutex
                0x000000002000014d        0x1 /opt/gcc-arm-none-eabi-10-2020-q4-major/bin/../lib/gcc/arm-none-eabi/10.2.1/../../../../arm-none-eabi/lib/thumb/v6-m/nofp/libg_nano.a(lib_a-lock.o)
                0x000000002000014d                __lock___sfp_recursive_mutex
 .bss.__lock___sinit_recursive_mutex
                0x000000002000014e        0x1 /opt/gcc-arm-none-eabi-10-2020-q4-major/bin/../lib/gcc/arm-none-eabi/10.2.1/../../../../arm-none-eabi/lib/thumb/v6-m/nofp/libg_nano.a(lib_a-lock.o)
                0x000000002000014e                __lock___sinit_recursive_mutex
 *fill*         0x000000002000014f        0x1 
 .bss.__malloc_free_list
                0x0000000020000150        0x4 /opt/gcc-arm-none-eabi-10-2020-q4-major/bin/../lib/gcc/arm-none-eabi/10.2.1/../../../../arm-none-eabi/lib/thumb/v6-m/nofp/libg_nano.a(lib_a-nano-mallocr.o)
                0x0000000020000150                __malloc_free_list
 .bss.__malloc_sbrk_start
                0x0000000020000154        0x4 /opt/gcc-arm-none-eabi-10-2020-q4-major/bin/../lib/gcc/arm-none-eabi/10.2.1/../../../../arm-none-eabi/lib/thumb/v6-m/nofp/libg_nano.a(lib_a-nano-mallocr.o)
                0x0000000020000154                __malloc_sbrk_start
 .bss.heap_end.0
                0x0000000020000158        0x4 /opt/gcc-arm-none-eabi-10-2020-q4-major/bin/../lib/gcc/arm-none-eabi/10.2.1/../../../../arm-none-eabi/lib/thumb/v6-m/nofp/libnosys.a(sbrk.o)
 *(COMMON)
                0x000000002000015c                . = ALIGN (0x4)
                0x000000002000015c                __bss_end__ = .

.heap           0x0000000020000160      0x100
                0x0000000020000160                __HeapBase = .
                0x0000000020000160                __end__ = .
                0x0000000020000160                end = __end__
 *(.heap*)
 .heap          0x0000000020000160      0x100 ./CMSIS/CMSIS/gcc/startup_NUC123.o
                0x0000000020000260                __HeapLimit = .

.stack_dummy    0x0000000020000160      0x400
 *(.stack*)
 .stack         0x0000000020000160      0x400 ./CMSIS/CMSIS/gcc/startup_NUC123.o
                0x0000000020005000                __StackTop = (ORIGIN (RAM) + LENGTH (RAM))
                0x0000000020004c00                __StackLimit = (__StackTop - SIZEOF (.stack_dummy))
                0x0000000020005000                PROVIDE (__stack = __StackTop)
                0x0000000000000001                ASSERT ((__StackLimit >= __HeapLimit), region RAM overflowed with stack)
OUTPUT(Template.elf elf32-littlearm)
LOAD linker stubs

.ARM.attributes
                0x0000000000000000       0x2c
 .ARM.attributes
                0x0000000000000000       0x1e /opt/gcc-arm-none-eabi-10-2020-q4-major/bin/../lib/gcc/arm-none-eabi/10.2.1/thumb/v6-m/nofp/crti.o
 .ARM.attributes
                0x000000000000001e       0x2c /opt/gcc-arm-none-eabi-10-2020-q4-major/bin/../lib/gcc/arm-none-eabi/10.2.1/thumb/v6-m/nofp/crtbegin.o
 .ARM.attributes
                0x000000000000004a       0x1b /opt/gcc-arm-none-eabi-10-2020-q4-major/bin/../lib/gcc/arm-none-eabi/10.2.1/../../../../arm-none-eabi/lib/thumb/v6-m/nofp/crt0.o
 .ARM.attributes
                0x0000000000000065       0x2c ./User/main.o
 .ARM.attributes
                0x0000000000000091       0x2c ./Library/Library/clk.o
 .ARM.attributes
                0x00000000000000bd       0x2c ./Library/Library/pdma.o
 .ARM.attributes
                0x00000000000000e9       0x2c ./Library/Library/retarget.o
 .ARM.attributes
                0x0000000000000115       0x2c ./Library/Library/sys.o
 .ARM.attributes
                0x0000000000000141       0x2c ./Library/Library/uart.o
 .ARM.attributes
                0x000000000000016d       0x2c ./CMSIS/CMSIS/gcc/_syscalls.o
 .ARM.attributes
                0x0000000000000199       0x20 ./CMSIS/CMSIS/gcc/startup_NUC123.o
 .ARM.attributes
                0x00000000000001b9       0x2c ./CMSIS/CMSIS/system_NUC123.o
 .ARM.attributes
                0x00000000000001e5       0x1e /opt/gcc-arm-none-eabi-10-2020-q4-major/bin/../lib/gcc/arm-none-eabi/10.2.1/thumb/v6-m/nofp/libgcc.a(_thumb1_case_uqi.o)
 .ARM.attributes
                0x0000000000000203       0x1e /opt/gcc-arm-none-eabi-10-2020-q4-major/bin/../lib/gcc/arm-none-eabi/10.2.1/thumb/v6-m/nofp/libgcc.a(_udivsi3.o)
 .ARM.attributes
                0x0000000000000221       0x1e /opt/gcc-arm-none-eabi-10-2020-q4-major/bin/../lib/gcc/arm-none-eabi/10.2.1/thumb/v6-m/nofp/libgcc.a(_dvmd_tls.o)
 .ARM.attributes
                0x000000000000023f       0x2c /opt/gcc-arm-none-eabi-10-2020-q4-major/bin/../lib/gcc/arm-none-eabi/10.2.1/../../../../arm-none-eabi/lib/thumb/v6-m/nofp/libg_nano.a(lib_a-errno.o)
 .ARM.attributes
                0x000000000000026b       0x2c /opt/gcc-arm-none-eabi-10-2020-q4-major/bin/../lib/gcc/arm-none-eabi/10.2.1/../../../../arm-none-eabi/lib/thumb/v6-m/nofp/libg_nano.a(lib_a-exit.o)
 .ARM.attributes
                0x0000000000000297       0x2c /opt/gcc-arm-none-eabi-10-2020-q4-major/bin/../lib/gcc/arm-none-eabi/10.2.1/../../../../arm-none-eabi/lib/thumb/v6-m/nofp/libg_nano.a(lib_a-impure.o)
 .ARM.attributes
                0x00000000000002c3       0x2c /opt/gcc-arm-none-eabi-10-2020-q4-major/bin/../lib/gcc/arm-none-eabi/10.2.1/../../../../arm-none-eabi/lib/thumb/v6-m/nofp/libg_nano.a(lib_a-init.o)
 .ARM.attributes
                0x00000000000002ef       0x2c /opt/gcc-arm-none-eabi-10-2020-q4-major/bin/../lib/gcc/arm-none-eabi/10.2.1/../../../../arm-none-eabi/lib/thumb/v6-m/nofp/libg_nano.a(lib_a-memset.o)
 .ARM.attributes
                0x000000000000031b       0x2c /opt/gcc-arm-none-eabi-10-2020-q4-major/bin/../lib/gcc/arm-none-eabi/10.2.1/../../../../arm-none-eabi/lib/thumb/v6-m/nofp/libg_nano.a(lib_a-printf.o)
 .ARM.attributes
                0x0000000000000347       0x2c /opt/gcc-arm-none-eabi-10-2020-q4-major/bin/../lib/gcc/arm-none-eabi/10.2.1/../../../../arm-none-eabi/lib/thumb/v6-m/nofp/libg_nano.a(lib_a-puts.o)
 .ARM.attributes
                0x0000000000000373       0x2c /opt/gcc-arm-none-eabi-10-2020-q4-major/bin/../lib/gcc/arm-none-eabi/10.2.1/../../../../arm-none-eabi/lib/thumb/v6-m/nofp/libg_nano.a(lib_a-wbuf.o)
 .ARM.attributes
                0x000000000000039f       0x2c /opt/gcc-arm-none-eabi-10-2020-q4-major/bin/../lib/gcc/arm-none-eabi/10.2.1/../../../../arm-none-eabi/lib/thumb/v6-m/nofp/libg_nano.a(lib_a-wsetup.o)
 .ARM.attributes
                0x00000000000003cb       0x2c /opt/gcc-arm-none-eabi-10-2020-q4-major/bin/../lib/gcc/arm-none-eabi/10.2.1/../../../../arm-none-eabi/lib/thumb/v6-m/nofp/libg_nano.a(lib_a-fflush.o)
 .ARM.attributes
                0x00000000000003f7       0x2c /opt/gcc-arm-none-eabi-10-2020-q4-major/bin/../lib/gcc/arm-none-eabi/10.2.1/../../../../arm-none-eabi/lib/thumb/v6-m/nofp/libg_nano.a(lib_a-findfp.o)
 .ARM.attributes
                0x0000000000000423       0x2c /opt/gcc-arm-none-eabi-10-2020-q4-major/bin/../lib/gcc/arm-none-eabi/10.2.1/../../../../arm-none-eabi/lib/thumb/v6-m/nofp/libg_nano.a(lib_a-fwalk.o)
 .ARM.attributes
                0x000000000000044f       0x2c /opt/gcc-arm-none-eabi-10-2020-q4-major/bin/../lib/gcc/arm-none-eabi/10.2.1/../../../../arm-none-eabi/lib/thumb/v6-m/nofp/libg_nano.a(lib_a-lock.o)
 .ARM.attributes
                0x000000000000047b       0x2c /opt/gcc-arm-none-eabi-10-2020-q4-major/bin/../lib/gcc/arm-none-eabi/10.2.1/../../../../arm-none-eabi/lib/thumb/v6-m/nofp/libg_nano.a(lib_a-makebuf.o)
 .ARM.attributes
                0x00000000000004a7       0x2c /opt/gcc-arm-none-eabi-10-2020-q4-major/bin/../lib/gcc/arm-none-eabi/10.2.1/../../../../arm-none-eabi/lib/thumb/v6-m/nofp/libg_nano.a(lib_a-nano-freer.o)
 .ARM.attributes
                0x00000000000004d3       0x2c /opt/gcc-arm-none-eabi-10-2020-q4-major/bin/../lib/gcc/arm-none-eabi/10.2.1/../../../../arm-none-eabi/lib/thumb/v6-m/nofp/libg_nano.a(lib_a-nano-mallocr.o)
 .ARM.attributes
                0x00000000000004ff       0x2c /opt/gcc-arm-none-eabi-10-2020-q4-major/bin/../lib/gcc/arm-none-eabi/10.2.1/../../../../arm-none-eabi/lib/thumb/v6-m/nofp/libg_nano.a(lib_a-nano-vfprintf.o)
 .ARM.attributes
                0x000000000000052b       0x2c /opt/gcc-arm-none-eabi-10-2020-q4-major/bin/../lib/gcc/arm-none-eabi/10.2.1/../../../../arm-none-eabi/lib/thumb/v6-m/nofp/libg_nano.a(lib_a-nano-vfprintf_i.o)
 .ARM.attributes
                0x0000000000000557       0x2c /opt/gcc-arm-none-eabi-10-2020-q4-major/bin/../lib/gcc/arm-none-eabi/10.2.1/../../../../arm-none-eabi/lib/thumb/v6-m/nofp/libg_nano.a(lib_a-sbrkr.o)
 .ARM.attributes
                0x0000000000000583       0x2c /opt/gcc-arm-none-eabi-10-2020-q4-major/bin/../lib/gcc/arm-none-eabi/10.2.1/../../../../arm-none-eabi/lib/thumb/v6-m/nofp/libg_nano.a(lib_a-stdio.o)
 .ARM.attributes
                0x00000000000005af       0x2c /opt/gcc-arm-none-eabi-10-2020-q4-major/bin/../lib/gcc/arm-none-eabi/10.2.1/../../../../arm-none-eabi/lib/thumb/v6-m/nofp/libg_nano.a(lib_a-writer.o)
 .ARM.attributes
                0x00000000000005db       0x2c /opt/gcc-arm-none-eabi-10-2020-q4-major/bin/../lib/gcc/arm-none-eabi/10.2.1/../../../../arm-none-eabi/lib/thumb/v6-m/nofp/libg_nano.a(lib_a-closer.o)
 .ARM.attributes
                0x0000000000000607       0x2c /opt/gcc-arm-none-eabi-10-2020-q4-major/bin/../lib/gcc/arm-none-eabi/10.2.1/../../../../arm-none-eabi/lib/thumb/v6-m/nofp/libg_nano.a(lib_a-fstatr.o)
 .ARM.attributes
                0x0000000000000633       0x2c /opt/gcc-arm-none-eabi-10-2020-q4-major/bin/../lib/gcc/arm-none-eabi/10.2.1/../../../../arm-none-eabi/lib/thumb/v6-m/nofp/libg_nano.a(lib_a-isattyr.o)
 .ARM.attributes
                0x000000000000065f       0x2c /opt/gcc-arm-none-eabi-10-2020-q4-major/bin/../lib/gcc/arm-none-eabi/10.2.1/../../../../arm-none-eabi/lib/thumb/v6-m/nofp/libg_nano.a(lib_a-lseekr.o)
 .ARM.attributes
                0x000000000000068b       0x2c /opt/gcc-arm-none-eabi-10-2020-q4-major/bin/../lib/gcc/arm-none-eabi/10.2.1/../../../../arm-none-eabi/lib/thumb/v6-m/nofp/libg_nano.a(lib_a-memchr-stub.o)
 .ARM.attributes
                0x00000000000006b7       0x2c /opt/gcc-arm-none-eabi-10-2020-q4-major/bin/../lib/gcc/arm-none-eabi/10.2.1/../../../../arm-none-eabi/lib/thumb/v6-m/nofp/libg_nano.a(lib_a-mlock.o)
 .ARM.attributes
                0x00000000000006e3       0x2c /opt/gcc-arm-none-eabi-10-2020-q4-major/bin/../lib/gcc/arm-none-eabi/10.2.1/../../../../arm-none-eabi/lib/thumb/v6-m/nofp/libg_nano.a(lib_a-readr.o)
 .ARM.attributes
                0x000000000000070f       0x1e /opt/gcc-arm-none-eabi-10-2020-q4-major/bin/../lib/gcc/arm-none-eabi/10.2.1/thumb/v6-m/nofp/libgcc.a(_thumb1_case_shi.o)
 .ARM.attributes
                0x000000000000072d       0x2c /opt/gcc-arm-none-eabi-10-2020-q4-major/bin/../lib/gcc/arm-none-eabi/10.2.1/thumb/v6-m/nofp/crtend.o
 .ARM.attributes
                0x0000000000000759       0x1e /opt/gcc-arm-none-eabi-10-2020-q4-major/bin/../lib/gcc/arm-none-eabi/10.2.1/thumb/v6-m/nofp/crtn.o
 .ARM.attributes
                0x0000000000000777       0x2c /opt/gcc-arm-none-eabi-10-2020-q4-major/bin/../lib/gcc/arm-none-eabi/10.2.1/../../../../arm-none-eabi/lib/thumb/v6-m/nofp/libnosys.a(sbrk.o)
 .ARM.attributes
                0x00000000000007a3       0x2c /opt/gcc-arm-none-eabi-10-2020-q4-major/bin/../lib/gcc/arm-none-eabi/10.2.1/../../../../arm-none-eabi/lib/thumb/v6-m/nofp/libnosys.a(_exit.o)

.comment        0x0000000000000000       0x4d
 .comment       0x0000000000000000       0x4d ./User/main.o
                                         0x4e (size before relaxing)
 .comment       0x000000000000004d       0x4e ./Library/Library/clk.o
 .comment       0x000000000000004d       0x4e ./Library/Library/pdma.o
 .comment       0x000000000000004d       0x4e ./Library/Library/retarget.o
 .comment       0x000000000000004d       0x4e ./Library/Library/sys.o
 .comment       0x000000000000004d       0x4e ./Library/Library/uart.o
 .comment       0x000000000000004d       0x4e ./CMSIS/CMSIS/gcc/_syscalls.o
 .comment       0x000000000000004d       0x4e ./CMSIS/CMSIS/system_NUC123.o

.debug_info     0x0000000000000000     0x49da
 .debug_info    0x0000000000000000     0x10e4 ./User/main.o
 .debug_info    0x00000000000010e4      0xa30 ./Library/Library/clk.o
 .debug_info    0x0000000000001b14      0x460 ./Library/Library/pdma.o
 .debug_info    0x0000000000001f74      0xde4 ./Library/Library/retarget.o
 .debug_info    0x0000000000002d58      0x42e ./Library/Library/sys.o
 .debug_info    0x0000000000003186      0xacd ./Library/Library/uart.o
 .debug_info    0x0000000000003c53      0xa12 ./CMSIS/CMSIS/gcc/_syscalls.o
 .debug_info    0x0000000000004665       0x26 ./CMSIS/CMSIS/gcc/startup_NUC123.o
 .debug_info    0x000000000000468b      0x34f ./CMSIS/CMSIS/system_NUC123.o

.debug_abbrev   0x0000000000000000     0x13e1
 .debug_abbrev  0x0000000000000000      0x361 ./User/main.o
 .debug_abbrev  0x0000000000000361      0x336 ./Library/Library/clk.o
 .debug_abbrev  0x0000000000000697      0x180 ./Library/Library/pdma.o
 .debug_abbrev  0x0000000000000817      0x3e4 ./Library/Library/retarget.o
 .debug_abbrev  0x0000000000000bfb      0x12a ./Library/Library/sys.o
 .debug_abbrev  0x0000000000000d25      0x2cf ./Library/Library/uart.o
 .debug_abbrev  0x0000000000000ff4      0x264 ./CMSIS/CMSIS/gcc/_syscalls.o
 .debug_abbrev  0x0000000000001258       0x14 ./CMSIS/CMSIS/gcc/startup_NUC123.o
 .debug_abbrev  0x000000000000126c      0x175 ./CMSIS/CMSIS/system_NUC123.o

.debug_loc      0x0000000000000000     0x2407
 .debug_loc     0x0000000000000000      0x2dc ./User/main.o
 .debug_loc     0x00000000000002dc      0x8ab ./Library/Library/clk.o
 .debug_loc     0x0000000000000b87      0xae1 ./Library/Library/pdma.o
 .debug_loc     0x0000000000001668      0x1f9 ./Library/Library/retarget.o
 .debug_loc     0x0000000000001861       0x4a ./Library/Library/sys.o
 .debug_loc     0x00000000000018ab      0x5c5 ./Library/Library/uart.o
 .debug_loc     0x0000000000001e70      0x47b ./CMSIS/CMSIS/gcc/_syscalls.o
 .debug_loc     0x00000000000022eb      0x11c ./CMSIS/CMSIS/system_NUC123.o

.debug_aranges  0x0000000000000000      0x428
 .debug_aranges
                0x0000000000000000       0xd8 ./User/main.o
 .debug_aranges
                0x00000000000000d8       0xb8 ./Library/Library/clk.o
 .debug_aranges
                0x0000000000000190       0x58 ./Library/Library/pdma.o
 .debug_aranges
                0x00000000000001e8       0x68 ./Library/Library/retarget.o
 .debug_aranges
                0x0000000000000250       0x68 ./Library/Library/sys.o
 .debug_aranges
                0x00000000000002b8       0x88 ./Library/Library/uart.o
 .debug_aranges
                0x0000000000000340       0xa0 ./CMSIS/CMSIS/gcc/_syscalls.o
 .debug_aranges
                0x00000000000003e0       0x20 ./CMSIS/CMSIS/gcc/startup_NUC123.o
 .debug_aranges
                0x0000000000000400       0x28 ./CMSIS/CMSIS/system_NUC123.o

.debug_ranges   0x0000000000000000      0x468
 .debug_ranges  0x0000000000000000      0x148 ./User/main.o
 .debug_ranges  0x0000000000000148       0xa8 ./Library/Library/clk.o
 .debug_ranges  0x00000000000001f0       0x48 ./Library/Library/pdma.o
 .debug_ranges  0x0000000000000238       0x70 ./Library/Library/retarget.o
 .debug_ranges  0x00000000000002a8       0x58 ./Library/Library/sys.o
 .debug_ranges  0x0000000000000300       0xa8 ./Library/Library/uart.o
 .debug_ranges  0x00000000000003a8       0x90 ./CMSIS/CMSIS/gcc/_syscalls.o
 .debug_ranges  0x0000000000000438       0x30 ./CMSIS/CMSIS/system_NUC123.o

.debug_line     0x0000000000000000     0x3024
 .debug_line    0x0000000000000000      0x938 ./User/main.o
 .debug_line    0x0000000000000938      0x984 ./Library/Library/clk.o
 .debug_line    0x00000000000012bc      0x506 ./Library/Library/pdma.o
 .debug_line    0x00000000000017c2      0x4fa ./Library/Library/retarget.o
 .debug_line    0x0000000000001cbc      0x303 ./Library/Library/sys.o
 .debug_line    0x0000000000001fbf      0x7b8 ./Library/Library/uart.o
 .debug_line    0x0000000000002777      0x508 ./CMSIS/CMSIS/gcc/_syscalls.o
 .debug_line    0x0000000000002c7f       0x9e ./CMSIS/CMSIS/gcc/startup_NUC123.o
 .debug_line    0x0000000000002d1d      0x307 ./CMSIS/CMSIS/system_NUC123.o

.debug_str      0x0000000000000000     0x16e6
 .debug_str     0x0000000000000000      0x83d ./User/main.o
                                        0x8b4 (size before relaxing)
 .debug_str     0x000000000000083d      0x329 ./Library/Library/clk.o
                                        0x54b (size before relaxing)
 .debug_str     0x0000000000000b66       0xe8 ./Library/Library/pdma.o
                                        0x311 (size before relaxing)
 .debug_str     0x0000000000000c4e      0x45b ./Library/Library/retarget.o
                                        0x661 (size before relaxing)
 .debug_str     0x00000000000010a9       0xe5 ./Library/Library/sys.o
                                        0x3b6 (size before relaxing)
 .debug_str     0x000000000000118e      0x1bc ./Library/Library/uart.o
                                        0x660 (size before relaxing)
 .debug_str     0x000000000000134a      0x2af ./CMSIS/CMSIS/gcc/_syscalls.o
                                        0x4de (size before relaxing)
 .debug_str     0x00000000000015f9       0x5f ./CMSIS/CMSIS/gcc/startup_NUC123.o
                                         0x96 (size before relaxing)
 .debug_str     0x0000000000001658       0x8e ./CMSIS/CMSIS/system_NUC123.o
                                        0x30c (size before relaxing)

.debug_frame    0x0000000000000000     0x1298
 .debug_frame   0x0000000000000000      0x214 ./User/main.o
 .debug_frame   0x0000000000000214      0x1d8 ./Library/Library/clk.o
 .debug_frame   0x00000000000003ec       0xac ./Library/Library/pdma.o
 .debug_frame   0x0000000000000498       0xec ./Library/Library/retarget.o
 .debug_frame   0x0000000000000584       0xbc ./Library/Library/sys.o
 .debug_frame   0x0000000000000640      0x14c ./Library/Library/uart.o
 .debug_frame   0x000000000000078c      0x230 ./CMSIS/CMSIS/gcc/_syscalls.o
 .debug_frame   0x00000000000009bc       0x3c ./CMSIS/CMSIS/system_NUC123.o
 .debug_frame   0x00000000000009f8       0x20 /opt/gcc-arm-none-eabi-10-2020-q4-major/bin/../lib/gcc/arm-none-eabi/10.2.1/thumb/v6-m/nofp/libgcc.a(_udivsi3.o)
 .debug_frame   0x0000000000000a18       0x20 /opt/gcc-arm-none-eabi-10-2020-q4-major/bin/../lib/gcc/arm-none-eabi/10.2.1/../../../../arm-none-eabi/lib/thumb/v6-m/nofp/libg_nano.a(lib_a-errno.o)
 .debug_frame   0x0000000000000a38       0x28 /opt/gcc-arm-none-eabi-10-2020-q4-major/bin/../lib/gcc/arm-none-eabi/10.2.1/../../../../arm-none-eabi/lib/thumb/v6-m/nofp/libg_nano.a(lib_a-exit.o)
 .debug_frame   0x0000000000000a60       0x2c /opt/gcc-arm-none-eabi-10-2020-q4-major/bin/../lib/gcc/arm-none-eabi/10.2.1/../../../../arm-none-eabi/lib/thumb/v6-m/nofp/libg_nano.a(lib_a-init.o)
 .debug_frame   0x0000000000000a8c       0x20 /opt/gcc-arm-none-eabi-10-2020-q4-major/bin/../lib/gcc/arm-none-eabi/10.2.1/../../../../arm-none-eabi/lib/thumb/v6-m/nofp/libg_nano.a(lib_a-memset.o)
 .debug_frame   0x0000000000000aac       0x50 /opt/gcc-arm-none-eabi-10-2020-q4-major/bin/../lib/gcc/arm-none-eabi/10.2.1/../../../../arm-none-eabi/lib/thumb/v6-m/nofp/libg_nano.a(lib_a-printf.o)
 .debug_frame   0x0000000000000afc       0x44 /opt/gcc-arm-none-eabi-10-2020-q4-major/bin/../lib/gcc/arm-none-eabi/10.2.1/../../../../arm-none-eabi/lib/thumb/v6-m/nofp/libg_nano.a(lib_a-puts.o)
 .debug_frame   0x0000000000000b40       0x48 /opt/gcc-arm-none-eabi-10-2020-q4-major/bin/../lib/gcc/arm-none-eabi/10.2.1/../../../../arm-none-eabi/lib/thumb/v6-m/nofp/libg_nano.a(lib_a-wbuf.o)
 .debug_frame   0x0000000000000b88       0x2c /opt/gcc-arm-none-eabi-10-2020-q4-major/bin/../lib/gcc/arm-none-eabi/10.2.1/../../../../arm-none-eabi/lib/thumb/v6-m/nofp/libg_nano.a(lib_a-wsetup.o)
 .debug_frame   0x0000000000000bb4       0x68 /opt/gcc-arm-none-eabi-10-2020-q4-major/bin/../lib/gcc/arm-none-eabi/10.2.1/../../../../arm-none-eabi/lib/thumb/v6-m/nofp/libg_nano.a(lib_a-fflush.o)
 .debug_frame   0x0000000000000c1c      0x170 /opt/gcc-arm-none-eabi-10-2020-q4-major/bin/../lib/gcc/arm-none-eabi/10.2.1/../../../../arm-none-eabi/lib/thumb/v6-m/nofp/libg_nano.a(lib_a-findfp.o)
 .debug_frame   0x0000000000000d8c       0x58 /opt/gcc-arm-none-eabi-10-2020-q4-major/bin/../lib/gcc/arm-none-eabi/10.2.1/../../../../arm-none-eabi/lib/thumb/v6-m/nofp/libg_nano.a(lib_a-fwalk.o)
 .debug_frame   0x0000000000000de4       0xb0 /opt/gcc-arm-none-eabi-10-2020-q4-major/bin/../lib/gcc/arm-none-eabi/10.2.1/../../../../arm-none-eabi/lib/thumb/v6-m/nofp/libg_nano.a(lib_a-lock.o)
 .debug_frame   0x0000000000000e94       0x54 /opt/gcc-arm-none-eabi-10-2020-q4-major/bin/../lib/gcc/arm-none-eabi/10.2.1/../../../../arm-none-eabi/lib/thumb/v6-m/nofp/libg_nano.a(lib_a-makebuf.o)
 .debug_frame   0x0000000000000ee8       0x2c /opt/gcc-arm-none-eabi-10-2020-q4-major/bin/../lib/gcc/arm-none-eabi/10.2.1/../../../../arm-none-eabi/lib/thumb/v6-m/nofp/libg_nano.a(lib_a-nano-freer.o)
 .debug_frame   0x0000000000000f14       0x30 /opt/gcc-arm-none-eabi-10-2020-q4-major/bin/../lib/gcc/arm-none-eabi/10.2.1/../../../../arm-none-eabi/lib/thumb/v6-m/nofp/libg_nano.a(lib_a-nano-mallocr.o)
 .debug_frame   0x0000000000000f44       0x9c /opt/gcc-arm-none-eabi-10-2020-q4-major/bin/../lib/gcc/arm-none-eabi/10.2.1/../../../../arm-none-eabi/lib/thumb/v6-m/nofp/libg_nano.a(lib_a-nano-vfprintf.o)
 .debug_frame   0x0000000000000fe0       0x54 /opt/gcc-arm-none-eabi-10-2020-q4-major/bin/../lib/gcc/arm-none-eabi/10.2.1/../../../../arm-none-eabi/lib/thumb/v6-m/nofp/libg_nano.a(lib_a-nano-vfprintf_i.o)
 .debug_frame   0x0000000000001034       0x2c /opt/gcc-arm-none-eabi-10-2020-q4-major/bin/../lib/gcc/arm-none-eabi/10.2.1/../../../../arm-none-eabi/lib/thumb/v6-m/nofp/libg_nano.a(lib_a-sbrkr.o)
 .debug_frame   0x0000000000001060       0x90 /opt/gcc-arm-none-eabi-10-2020-q4-major/bin/../lib/gcc/arm-none-eabi/10.2.1/../../../../arm-none-eabi/lib/thumb/v6-m/nofp/libg_nano.a(lib_a-stdio.o)
 .debug_frame   0x00000000000010f0       0x2c /opt/gcc-arm-none-eabi-10-2020-q4-major/bin/../lib/gcc/arm-none-eabi/10.2.1/../../../../arm-none-eabi/lib/thumb/v6-m/nofp/libg_nano.a(lib_a-writer.o)
 .debug_frame   0x000000000000111c       0x2c /opt/gcc-arm-none-eabi-10-2020-q4-major/bin/../lib/gcc/arm-none-eabi/10.2.1/../../../../arm-none-eabi/lib/thumb/v6-m/nofp/libg_nano.a(lib_a-closer.o)
 .debug_frame   0x0000000000001148       0x2c /opt/gcc-arm-none-eabi-10-2020-q4-major/bin/../lib/gcc/arm-none-eabi/10.2.1/../../../../arm-none-eabi/lib/thumb/v6-m/nofp/libg_nano.a(lib_a-fstatr.o)
 .debug_frame   0x0000000000001174       0x2c /opt/gcc-arm-none-eabi-10-2020-q4-major/bin/../lib/gcc/arm-none-eabi/10.2.1/../../../../arm-none-eabi/lib/thumb/v6-m/nofp/libg_nano.a(lib_a-isattyr.o)
 .debug_frame   0x00000000000011a0       0x2c /opt/gcc-arm-none-eabi-10-2020-q4-major/bin/../lib/gcc/arm-none-eabi/10.2.1/../../../../arm-none-eabi/lib/thumb/v6-m/nofp/libg_nano.a(lib_a-lseekr.o)
 .debug_frame   0x00000000000011cc       0x20 /opt/gcc-arm-none-eabi-10-2020-q4-major/bin/../lib/gcc/arm-none-eabi/10.2.1/../../../../arm-none-eabi/lib/thumb/v6-m/nofp/libg_nano.a(lib_a-memchr-stub.o)
 .debug_frame   0x00000000000011ec       0x40 /opt/gcc-arm-none-eabi-10-2020-q4-major/bin/../lib/gcc/arm-none-eabi/10.2.1/../../../../arm-none-eabi/lib/thumb/v6-m/nofp/libg_nano.a(lib_a-mlock.o)
 .debug_frame   0x000000000000122c       0x2c /opt/gcc-arm-none-eabi-10-2020-q4-major/bin/../lib/gcc/arm-none-eabi/10.2.1/../../../../arm-none-eabi/lib/thumb/v6-m/nofp/libg_nano.a(lib_a-readr.o)
 .debug_frame   0x0000000000001258       0x20 /opt/gcc-arm-none-eabi-10-2020-q4-major/bin/../lib/gcc/arm-none-eabi/10.2.1/../../../../arm-none-eabi/lib/thumb/v6-m/nofp/libnosys.a(sbrk.o)
 .debug_frame   0x0000000000001278       0x20 /opt/gcc-arm-none-eabi-10-2020-q4-major/bin/../lib/gcc/arm-none-eabi/10.2.1/../../../../arm-none-eabi/lib/thumb/v6-m/nofp/libnosys.a(_exit.o)
